// Jest Snapshot v1, https://goo.gl/fbAQLP

exports[`renders with initial state 1`] = `
<DocumentFragment>
  <div
    class="MuiGrid-root MuiGrid-container MuiGrid-spacing-xs-5 MuiGrid-justify-xs-center"
  >
    <div
      class="MuiGrid-root MuiGrid-item"
    >
      <div
        class="MuiFormControl-root"
      >
        <label
          class="MuiFormLabel-root MuiInputLabel-root MuiInputLabel-formControl MuiInputLabel-animated MuiInputLabel-shrink MuiFormLabel-filled"
          data-shrink="true"
        >
          Section
        </label>
        <div
          class="MuiInputBase-root MuiInput-root MuiInput-underline makeStyles-menuItem-1 MuiInputBase-formControl MuiInput-formControl"
          data-cy="section-menu"
        >
          <div
            aria-haspopup="listbox"
            class="MuiSelect-root MuiSelect-select MuiSelect-selectMenu MuiInputBase-input MuiInput-input"
            role="button"
            tabindex="0"
          >
            world
          </div>
          <input
            aria-hidden="true"
            class="MuiSelect-nativeInput"
            tabindex="-1"
            value="world"
          />
          <svg
            aria-hidden="true"
            class="MuiSvgIcon-root MuiSelect-icon"
            focusable="false"
            viewBox="0 0 24 24"
          >
            <path
              d="M7 10l5 5 5-5z"
            />
          </svg>
        </div>
      </div>
    </div>
  </div>
</DocumentFragment>
`;
